// Jest Snapshot v1, https://goo.gl/fbAQLP

exports[`FeedbackSuccess should render correctly 1`] = `
<div>
  <section
    class="wrapper"
  >
    <h3
      class="title"
    >
      Thank you!
    </h3>
    <p
      class="text"
    >
      Feedback have been successfully sent.
    </p>
    <button
      class="button"
      type="button"
    >
      Return to Home
    </button>
  </section>
</div>
`;
