// Jest Snapshot v1, https://goo.gl/fbAQLP

exports[`SteamInventoryContainer should successfully pass props 1`] = `
<div>
  inventoryItems
  onGetItems
  status
</div>
`;
