// Jest Snapshot v1, https://goo.gl/fbAQLP

exports[`ItemDetailsPage should render correctly 1`] = `
<div>
  <a
    href="/"
  >
    <svg
      data-testid="BackIcon"
      fill="#000000"
      height="30"
      viewBox="0 0 1024 1024"
      width="30"
    >
      <path
        d="M669.6 849.6c8.8 8 22.4 7.2 30.4-1.6s7.2-22.4-1.6-30.4l-309.6-280c-8-7.2-8-17.6 0-24.8l309.6-270.4c8.8-8 9.6-21.6 2.4-30.4-8-8.8-21.6-9.6-30.4-2.4L360.8 480.8c-27.2 24-28 64-0.8 88.8l309.6 280z"
        fill="gainsboro"
      />
    </svg>
  </a>
  <section
    class="details"
  >
    <h1>
      name1
    </h1>
    <h2
      class="exterior"
    >
      (super fine)
    </h2>
    <img
      alt="name1"
      data-nimg="1"
      decoding="async"
      fetchpriority="high"
      height="198"
      src="https://steamcommunity-a.akamaihd.net/economy/image/undefined"
      style="color: transparent;"
      width="256"
    />
    <hr
      class="separator"
    />
  </section>
</div>
`;
