// Jest Snapshot v1, https://goo.gl/fbAQLP

exports[`Login should render correctly 1`] = `
<div>
  <div
    class="alert"
  >
    Coming soon
  </div>
</div>
`;
