// Jest Snapshot v1, https://goo.gl/fbAQLP

exports[`ErrorAlert should render correctly 1`] = `
<div>
  <div
    class="alert"
  >
    Some error
  </div>
</div>
`;
